// Jest Snapshot v1, https://goo.gl/fbAQLP

exports[`SectionHeader should render correctly 1`] = `[Function]`;
